C251 COMPILER V5.60.0,  my_Math                                                            07/10/22  19:46:42  PAGE 1   


C251 COMPILER V5.60.0, COMPILATION OF MODULE my_Math
OBJECT MODULE PLACED IN .\Out_File\my_Math.obj
COMPILER INVOKED BY: D:\Keil_v5\C251\BIN\C251.EXE my_Math.c XSMALL INTR2 WARNINGLEVEL(3) BROWSE INCDIR(..\..\Libraries\l
                    -ibraries;..\..\Libraries\seekfree_libraries;..\..\Libraries\seekfree_peripheral;..\CODE;..\USER\inc;..\USER\src) DEBUG P
                    -RINT(.\Out_File\my_Math.lst) TABS(2) OBJECT(.\Out_File\my_Math.obj) 

stmt  level    source

    1          #include "headfile.h"
    2          #include "my_Math.h"
    3          #include "math.h"
    4          
    5          int my_abs(int res);
    6          float my_divide(int a,int b);
    7          
    8          int my_abs(int res)
    9          {
   10   1          if(res > 0) return res;
   11   1          return res * -1;
   12   1      }
   13          
   14          float my_divide(int a,int b)
   15          {
   16   1          
   17   1          int temp1 = my_abs(a);
   18   1          
   19   1          int temp2 = my_abs(b);
   20   1          
   21   1          if(temp1 > temp2 ) return (float)( (float)(temp1) / (float)(temp2) );
   22   1          
   23   1          return (float)( (float)(temp2) / (float)(temp1));
   24   1              
   25   1      }
   26          
   27          
   28          double my_KP(double x)
   29          {
   30   1        double res = 0;
   31   1        res = (abs( (exp(-abs(x) ) - 1 ) / (exp(-abs(x) ) + 1 ) / 2 ) + 0.515 ) * 1.34;
   32   1        
   33   1        return res;
   34   1      }
*** WARNING C183 IN LINE 30 OF my_Math.c: dead assignment eliminated


Module Information          Static   Overlayable
------------------------------------------------
  code size            =       191     ------
  ecode size           =    ------     ------
  data size            =    ------     ------
  idata size           =    ------     ------
  pdata size           =    ------     ------
  xdata size           =    ------     ------
  xdata-const size     =    ------     ------
  edata size           =    ------          4
  bit size             =    ------     ------
  ebit size            =    ------     ------
  bitaddressable size  =    ------     ------
  ebitaddressable size =    ------     ------
  far data size        =    ------     ------
  huge data size       =    ------     ------
  const size           =    ------     ------
  hconst size          =    ------     ------
End of Module Information.


C251 COMPILATION COMPLETE.  1 WARNING(S),  0 ERROR(S)
